To honour the JVM settings for this build a single-use Daemon process will be forked. For more on this, please refer to https://docs.gradle.org/8.13/userguide/gradle_daemon.html#sec:disabling_the_daemon in the Gradle documentation.
Daemon will be stopped at the end of the build 
> Task :app:preBuild UP-TO-DATE
> Task :app:preDebugBuild UP-TO-DATE
> Task :app:mergeDebugNativeDebugMetadata NO-SOURCE
> Task :app:checkKotlinGradlePluginConfigurationErrors SKIPPED
> Task :app:checkDebugAarMetadata UP-TO-DATE
> Task :app:processDebugNavigationResources UP-TO-DATE
> Task :app:compileDebugNavigationResources UP-TO-DATE
> Task :app:generateDebugResValues UP-TO-DATE
> Task :app:processDebugGoogleServices UP-TO-DATE
> Task :app:mapDebugSourceSetPaths UP-TO-DATE
> Task :app:generateDebugResources UP-TO-DATE
> Task :app:mergeDebugResources UP-TO-DATE
> Task :app:packageDebugResources UP-TO-DATE
> Task :app:parseDebugLocalResources UP-TO-DATE
> Task :app:createDebugCompatibleScreenManifests UP-TO-DATE
> Task :app:extractDeepLinksDebug UP-TO-DATE
> Task :app:processDebugMainManifest UP-TO-DATE
> Task :app:processDebugManifest UP-TO-DATE
> Task :app:processDebugManifestForPackage UP-TO-DATE
> Task :app:processDebugResources UP-TO-DATE
> Task :app:javaPreCompileDebug UP-TO-DATE
> Task :app:mergeDebugShaders UP-TO-DATE
> Task :app:compileDebugShaders NO-SOURCE
> Task :app:generateDebugAssets UP-TO-DATE
> Task :app:mergeDebugAssets UP-TO-DATE
> Task :app:compressDebugAssets UP-TO-DATE
> Task :app:checkDebugDuplicateClasses UP-TO-DATE
> Task :app:desugarDebugFileDependencies UP-TO-DATE
> Task :app:mergeExtDexDebug UP-TO-DATE
> Task :app:mergeLibDexDebug UP-TO-DATE
> Task :app:mergeDebugJniLibFolders UP-TO-DATE
> Task :app:mergeDebugNativeLibs NO-SOURCE
> Task :app:stripDebugDebugSymbols NO-SOURCE
> Task :app:validateSigningDebug UP-TO-DATE
> Task :app:writeDebugAppMetadata UP-TO-DATE
> Task :app:writeDebugSigningConfigVersions UP-TO-DATE
> Task :app:kspDebugKotlin

> Task :app:compileDebugKotlin
w: file:///C:/Users/GULSHAN%20KUMAR/AndroidStudioProjects/LeadDialer/app/src/main/java/com/example/leaddialer/AdminPanelActivity.kt:49:18 This declaration overrides a deprecated member but is not marked as deprecated itself. Please add the '@Deprecated' annotation or suppress the diagnostic.
w: file:///C:/Users/GULSHAN%20KUMAR/AndroidStudioProjects/LeadDialer/app/src/main/java/com/example/leaddialer/AdminPanelActivity.kt:54:19 'fun onBackPressed(): Unit' is deprecated. This method has been deprecated in favor of using the
      {@link OnBackPressedDispatcher} via {@link #getOnBackPressedDispatcher()}.
      The OnBackPressedDispatcher controls how back button events are dispatched
      to one or more {@link OnBackPressedCallback} objects.
w: file:///C:/Users/GULSHAN%20KUMAR/AndroidStudioProjects/LeadDialer/app/src/main/java/com/example/leaddialer/AttendanceActivity.kt:86:30 'val isFromMockProvider: Boolean' is deprecated. Deprecated in Java.
w: file:///C:/Users/GULSHAN%20KUMAR/AndroidStudioProjects/LeadDialer/app/src/main/java/com/example/leaddialer/LoginPage.kt:13:8 'class PlayerView : FrameLayout, AdViewProvider' is deprecated. Deprecated in Java.
w: file:///C:/Users/GULSHAN%20KUMAR/AndroidStudioProjects/LeadDialer/app/src/main/java/com/example/leaddialer/LoginPage.kt:32:38 'class PlayerView : FrameLayout, AdViewProvider' is deprecated. Deprecated in Java.
w: file:///C:/Users/GULSHAN%20KUMAR/AndroidStudioProjects/LeadDialer/app/src/main/java/com/example/leaddialer/LoginPage.kt:33:28 'interface ExoPlayer : Any, Player' is deprecated. Deprecated in Java.
w: file:///C:/Users/GULSHAN%20KUMAR/AndroidStudioProjects/LeadDialer/app/src/main/java/com/example/leaddialer/LoginPage.kt:83:21 'interface ExoPlayer : Any, Player' is deprecated. Deprecated in Java.
w: file:///C:/Users/GULSHAN%20KUMAR/AndroidStudioProjects/LeadDialer/app/src/main/java/com/example/leaddialer/LoginPage.kt:87:25 'class MediaItem : Any, Bundleable' is deprecated. Deprecated in Java.
w: file:///C:/Users/GULSHAN%20KUMAR/AndroidStudioProjects/LeadDialer/app/src/main/java/com/example/leaddialer/LoginPage.kt:91:26 'interface Player : Any' is deprecated. Deprecated in Java.
w: file:///C:/Users/GULSHAN%20KUMAR/AndroidStudioProjects/LeadDialer/app/src/main/java/com/example/leaddialer/SplashActivity.kt:8:8 'class PlayerView : FrameLayout, AdViewProvider' is deprecated. Deprecated in Java.
w: file:///C:/Users/GULSHAN%20KUMAR/AndroidStudioProjects/LeadDialer/app/src/main/java/com/example/leaddialer/SplashActivity.kt:13:38 'class PlayerView : FrameLayout, AdViewProvider' is deprecated. Deprecated in Java.
w: file:///C:/Users/GULSHAN%20KUMAR/AndroidStudioProjects/LeadDialer/app/src/main/java/com/example/leaddialer/SplashActivity.kt:14:28 'interface ExoPlayer : Any, Player' is deprecated. Deprecated in Java.
w: file:///C:/Users/GULSHAN%20KUMAR/AndroidStudioProjects/LeadDialer/app/src/main/java/com/example/leaddialer/SplashActivity.kt:27:21 'interface ExoPlayer : Any, Player' is deprecated. Deprecated in Java.
w: file:///C:/Users/GULSHAN%20KUMAR/AndroidStudioProjects/LeadDialer/app/src/main/java/com/example/leaddialer/SplashActivity.kt:32:25 'class MediaItem : Any, Bundleable' is deprecated. Deprecated in Java.
w: file:///C:/Users/GULSHAN%20KUMAR/AndroidStudioProjects/LeadDialer/app/src/main/java/com/example/leaddialer/SplashActivity.kt:37:26 'interface Player : Any' is deprecated. Deprecated in Java.
w: file:///C:/Users/GULSHAN%20KUMAR/AndroidStudioProjects/LeadDialer/app/src/main/java/com/example/leaddialer/SplashActivity.kt:45:30 'interface Player : Any' is deprecated. Deprecated in Java.

> Task :app:compileDebugJavaWithJavac UP-TO-DATE
> Task :app:processDebugJavaRes UP-TO-DATE
> Task :app:mergeDebugJavaResource UP-TO-DATE
> Task :app:dexBuilderDebug
> Task :app:mergeProjectDexDebug
> Task :app:packageDebug
> Task :app:createDebugApkListingFileRedirect UP-TO-DATE
> Task :app:assembleDebug

BUILD SUCCESSFUL in 1m 19s
37 actionable tasks: 5 executed, 32 up-to-date
